// Jest Snapshot v1, https://goo.gl/fbAQLP

exports[`ErrorComponent snapshot test 1`] = `
<DocumentFragment>
  <div
    class="MuiPaper-root MuiPaper-elevation MuiPaper-rounded MuiPaper-elevation1 rounded-xl flex flex-col justify-center items-center  css-1ps6pg7-MuiPaper-root"
  >
    <p
      class="MuiTypography-root MuiTypography-body1 text-2xl self-start font-medium  css-ahj2mt-MuiTypography-root"
    >
      Error
    </p>
    <div
      class="flex flex-grow flex-col justify-center items-center gap-y-2  MuiBox-root css-0"
    >
      <p
        class="MuiTypography-root MuiTypography-body1 css-ahj2mt-MuiTypography-root"
      >
        Something went wrong
      </p>
      <button
        class="MuiButtonBase-root MuiButton-root MuiButton-outlined MuiButton-outlinedError MuiButton-sizeSmall MuiButton-outlinedSizeSmall MuiButton-root MuiButton-outlined MuiButton-outlinedError MuiButton-sizeSmall MuiButton-outlinedSizeSmall w-24 css-1ir7th6-MuiButtonBase-root-MuiButton-root"
        tabindex="0"
        type="button"
      >
        Reload
        <span
          class="MuiTouchRipple-root css-8je8zh-MuiTouchRipple-root"
        />
      </button>
    </div>
  </div>
</DocumentFragment>
`;
